Nutze Device: cuda
Klassen-Mapping: {'n': 0, 'y': 1}
Datensätze (mit 50/50 Sampler): train=32480, val=6959, test=6963
Epoch 01/30 | train_loss=0.1417, train_acc=0.9412, train_recall=0.9303, train_f1=0.9407 | val_loss=0.0341, val_acc=0.9909, val_recall=0.9518, val_f1=0.9094
Epoch 02/30 | train_loss=0.0257, train_acc=0.9918, train_recall=0.9909, train_f1=0.9918 | val_loss=0.0217, val_acc=0.9944, val_recall=0.9608, val_f1=0.9424
Epoch 03/30 | train_loss=0.0132, train_acc=0.9962, train_recall=0.9962, train_f1=0.9963 | val_loss=0.0181, val_acc=0.9953, val_recall=0.9608, val_f1=0.9508
Epoch 04/30 | train_loss=0.0100, train_acc=0.9973, train_recall=0.9978, train_f1=0.9973 | val_loss=0.0194, val_acc=0.9951, val_recall=0.9337, val_f1=0.9480
Keine ausreichende Verbesserung der Val-Loss seit 1 Epoche(n) (patience=5).
Epoch 05/30 | train_loss=0.0080, train_acc=0.9978, train_recall=0.9984, train_f1=0.9978 | val_loss=0.0196, val_acc=0.9958, val_recall=0.9428, val_f1=0.9557
Keine ausreichende Verbesserung der Val-Loss seit 2 Epoche(n) (patience=5).
Epoch 06/30 | train_loss=0.0057, train_acc=0.9986, train_recall=0.9991, train_f1=0.9986 | val_loss=0.0204, val_acc=0.9954, val_recall=0.9458, val_f1=0.9515
Keine ausreichende Verbesserung der Val-Loss seit 3 Epoche(n) (patience=5).
Epoch 07/30 | train_loss=0.0035, train_acc=0.9991, train_recall=0.9994, train_f1=0.9991 | val_loss=0.0215, val_acc=0.9957, val_recall=0.9518, val_f1=0.9547
Keine ausreichende Verbesserung der Val-Loss seit 4 Epoche(n) (patience=5).
Epoch 08/30 | train_loss=0.0042, train_acc=0.9990, train_recall=0.9993, train_f1=0.9990 | val_loss=0.0262, val_acc=0.9953, val_recall=0.9307, val_f1=0.9493
Keine ausreichende Verbesserung der Val-Loss seit 5 Epoche(n) (patience=5).
Early Stopping nach Epoche 8: best_val_loss=0.0181
Bestes Modell gespeichert unter: /home/gartmaflorin@edu.local/Deep-Learning---Hackaton/project/models/ResNet18_zurich.pt
Lernkurven gespeichert unter: /home/gartmaflorin@edu.local/Deep-Learning---Hackaton/project/plot/pre-trained_model_training_learning_curve.png
Test: loss=0.0207, accuracy=0.9935, recall=0.9521, f1=0.9339
Confusion Matrix gespeichert unter: /home/gartmaflorin@edu.local/Deep-Learning---Hackaton/project/plot/pre-trained_model_training_confusion_matrix.png
